
Merging program properties

Removed property 0xc0000002 to merge bio.o (0x3) and entry.o (not found)
Removed property 0xc0000002 to merge bio.o (not found) and console.o (0x3)
Removed property 0xc0000002 to merge bio.o (not found) and exec.o (0x3)
Removed property 0xc0000002 to merge bio.o (not found) and file.o (0x3)
Removed property 0xc0000002 to merge bio.o (not found) and fs.o (0x3)
Removed property 0xc0000002 to merge bio.o (not found) and ide.o (0x3)
Removed property 0xc0000002 to merge bio.o (not found) and ioapic.o (0x3)
Removed property 0xc0000002 to merge bio.o (not found) and kalloc.o (0x3)
Removed property 0xc0000002 to merge bio.o (not found) and kbd.o (0x3)
Removed property 0xc0000002 to merge bio.o (not found) and lapic.o (0x3)
Removed property 0xc0000002 to merge bio.o (not found) and log.o (0x3)
Removed property 0xc0000002 to merge bio.o (not found) and main.o (0x3)
Removed property 0xc0000002 to merge bio.o (not found) and mp.o (0x3)
Removed property 0xc0000002 to merge bio.o (not found) and picirq.o (0x3)
Removed property 0xc0000002 to merge bio.o (not found) and pipe.o (0x3)
Removed property 0xc0000002 to merge bio.o (not found) and proc.o (0x3)
Removed property 0xc0000002 to merge bio.o (not found) and sleeplock.o (0x3)
Removed property 0xc0000002 to merge bio.o (not found) and spinlock.o (0x3)
Removed property 0xc0000002 to merge bio.o (not found) and string.o (0x3)
Removed property 0xc0000002 to merge bio.o (not found) and syscall.o (0x3)
Removed property 0xc0000002 to merge bio.o (not found) and sysfile.o (0x3)
Removed property 0xc0000002 to merge bio.o (not found) and sysproc.o (0x3)
Removed property 0xc0000002 to merge bio.o (not found) and trap.o (0x3)
Removed property 0xc0000002 to merge bio.o (not found) and uart.o (0x3)
Removed property 0xc0000002 to merge bio.o (not found) and vm.o (0x3)

Allocating common symbols
Common symbol       size              file

log                 0xc4              log.o
kmem                0x3c              kalloc.o
ioapicid            0x1               mp.o
ioapic              0x4               ioapic.o
bcache              0x4958            bio.o
input               0x8c              console.o
stack               0x1000            entry.o
kpgdir              0x4               vm.o
tickslock           0x34              trap.o
ftable              0x994             file.o
cpus                0x580             mp.o
sb                  0x1c              fs.o
lapic               0x4               lapic.o
idt                 0x800             trap.o
ncpu                0x4               mp.o
ticks               0x4               trap.o
ptable              0x2034            proc.o
devsw               0x50              file.o
icache              0x1c54            fs.o

Discarded input sections

 .note.GNU-stack
                0x0000000000000000        0x0 bio.o
 .note.gnu.property
                0x0000000000000000       0x1c bio.o
 .eh_frame      0x0000000000000000       0xd0 bio.o
 .note.GNU-stack
                0x0000000000000000        0x0 console.o
 .note.gnu.property
                0x0000000000000000       0x1c console.o
 .eh_frame      0x0000000000000000      0x190 console.o
 .note.GNU-stack
                0x0000000000000000        0x0 exec.o
 .note.gnu.property
                0x0000000000000000       0x1c exec.o
 .eh_frame      0x0000000000000000       0x48 exec.o
 .note.GNU-stack
                0x0000000000000000        0x0 file.o
 .note.gnu.property
                0x0000000000000000       0x1c file.o
 .eh_frame      0x0000000000000000      0x194 file.o
 .note.GNU-stack
                0x0000000000000000        0x0 fs.o
 .note.gnu.property
                0x0000000000000000       0x1c fs.o
 .eh_frame      0x0000000000000000      0x420 fs.o
 .note.GNU-stack
                0x0000000000000000        0x0 ide.o
 .note.gnu.property
                0x0000000000000000       0x1c ide.o
 .eh_frame      0x0000000000000000       0xcc ide.o
 .note.GNU-stack
                0x0000000000000000        0x0 ioapic.o
 .note.gnu.property
                0x0000000000000000       0x1c ioapic.o
 .eh_frame      0x0000000000000000       0x60 ioapic.o
 .note.GNU-stack
                0x0000000000000000        0x0 kalloc.o
 .note.gnu.property
                0x0000000000000000       0x1c kalloc.o
 .eh_frame      0x0000000000000000       0xe4 kalloc.o
 .note.GNU-stack
                0x0000000000000000        0x0 kbd.o
 .note.gnu.property
                0x0000000000000000       0x1c kbd.o
 .eh_frame      0x0000000000000000       0x7c kbd.o
 .note.GNU-stack
                0x0000000000000000        0x0 lapic.o
 .note.gnu.property
                0x0000000000000000       0x1c lapic.o
 .eh_frame      0x0000000000000000       0xbc lapic.o
 .note.GNU-stack
                0x0000000000000000        0x0 log.o
 .note.gnu.property
                0x0000000000000000       0x1c log.o
 .eh_frame      0x0000000000000000      0x118 log.o
 .note.GNU-stack
                0x0000000000000000        0x0 main.o
 .note.gnu.property
                0x0000000000000000       0x1c main.o
 .eh_frame      0x0000000000000000       0x78 main.o
 .note.GNU-stack
                0x0000000000000000        0x0 mp.o
 .note.gnu.property
                0x0000000000000000       0x1c mp.o
 .eh_frame      0x0000000000000000       0x84 mp.o
 .note.GNU-stack
                0x0000000000000000        0x0 picirq.o
 .note.gnu.property
                0x0000000000000000       0x1c picirq.o
 .eh_frame      0x0000000000000000       0x2c picirq.o
 .note.GNU-stack
                0x0000000000000000        0x0 pipe.o
 .note.gnu.property
                0x0000000000000000       0x1c pipe.o
 .eh_frame      0x0000000000000000       0xf8 pipe.o
 .note.GNU-stack
                0x0000000000000000        0x0 proc.o
 .note.gnu.property
                0x0000000000000000       0x1c proc.o
 .eh_frame      0x0000000000000000      0x308 proc.o
 .note.GNU-stack
                0x0000000000000000        0x0 sleeplock.o
 .note.gnu.property
                0x0000000000000000       0x1c sleeplock.o
 .eh_frame      0x0000000000000000       0xbc sleeplock.o
 .note.GNU-stack
                0x0000000000000000        0x0 spinlock.o
 .note.gnu.property
                0x0000000000000000       0x1c spinlock.o
 .eh_frame      0x0000000000000000      0x150 spinlock.o
 .note.GNU-stack
                0x0000000000000000        0x0 string.o
 .note.gnu.property
                0x0000000000000000       0x1c string.o
 .eh_frame      0x0000000000000000      0x174 string.o
 .note.GNU-stack
                0x0000000000000000        0x0 syscall.o
 .note.gnu.property
                0x0000000000000000       0x1c syscall.o
 .eh_frame      0x0000000000000000      0x118 syscall.o
 .note.GNU-stack
                0x0000000000000000        0x0 sysfile.o
 .note.gnu.property
                0x0000000000000000       0x1c sysfile.o
 .eh_frame      0x0000000000000000      0x2e8 sysfile.o
 .note.GNU-stack
                0x0000000000000000        0x0 sysproc.o
 .note.gnu.property
                0x0000000000000000       0x1c sysproc.o
 .eh_frame      0x0000000000000000      0x124 sysproc.o
 .note.GNU-stack
                0x0000000000000000        0x0 trap.o
 .note.gnu.property
                0x0000000000000000       0x1c trap.o
 .eh_frame      0x0000000000000000       0x98 trap.o
 .note.GNU-stack
                0x0000000000000000        0x0 uart.o
 .note.gnu.property
                0x0000000000000000       0x1c uart.o
 .eh_frame      0x0000000000000000       0xd0 uart.o
 .note.GNU-stack
                0x0000000000000000        0x0 vm.o
 .note.gnu.property
                0x0000000000000000       0x1c vm.o
 .eh_frame      0x0000000000000000      0x34c vm.o

Memory Configuration

Name             Origin             Length             Attributes
*default*        0x0000000000000000 0xffffffffffffffff

Linker script and memory map

                0x0000000080100000                . = 0x80100000

.text           0x0000000080100000     0x710a load address 0x0000000000100000
 *(.text .stub .text.* .gnu.linkonce.t.*)
 .text          0x0000000080100000       0x34 entry.o
                0x0000000080100000                multiboot_header
                0x000000008010000c                entry
                0x000000010010000c                _start
 *fill*         0x0000000080100034        0xc 
 .text          0x0000000080100040      0x242 bio.o
                0x0000000080100040                binit
                0x00000000801000d0                bread
                0x00000000801001b0                bwrite
                0x00000000801001f0                brelse
 *fill*         0x0000000080100282        0xe 
 .text          0x0000000080100290      0x7e7 console.o
                0x0000000080100290                consoleread
                0x0000000080100390                panic
                0x0000000080100640                consolewrite
                0x00000000801006b0                cprintf
                0x0000000080100860                consoleintr
                0x0000000080100a30                consoleinit
 *fill*         0x0000000080100a77        0x9 
 .text          0x0000000080100a80      0x369 exec.o
                0x0000000080100a80                exec
 *fill*         0x0000000080100de9        0x7 
 .text          0x0000000080100df0      0x3c3 file.o
                0x0000000080100df0                fileinit
                0x0000000080100e10                filealloc
                0x0000000080100e80                filedup
                0x0000000080100ed0                fileclose
                0x0000000080100fb0                filestat
                0x0000000080101000                fileread
                0x00000000801010a0                filewrite
 *fill*         0x00000000801011b3        0xd 
 .text          0x00000000801011c0      0xeb8 fs.o
                0x0000000080101510                readsb
                0x0000000080101550                iinit
                0x00000000801015f0                ialloc
                0x00000000801016b0                iupdate
                0x0000000080101740                idup
                0x0000000080101770                ilock
                0x0000000080101850                iunlock
                0x00000000801018a0                iput
                0x0000000080101a10                iunlockput
                0x0000000080101a40                stati
                0x0000000080101a70                readi
                0x0000000080101b70                writei
                0x0000000080101ca0                namecmp
                0x0000000080101cc0                dirlookup
                0x0000000080101f80                dirlink
                0x0000000080102040                namei
                0x0000000080102060                nameiparent
 *fill*         0x0000000080102078        0x8 
 .text          0x0000000080102080      0x30e ide.o
                0x0000000080102160                ideinit
                0x00000000801021f0                ideintr
                0x0000000080102290                iderw
 *fill*         0x000000008010238e        0x2 
 .text          0x0000000080102390       0xe7 ioapic.o
                0x0000000080102390                ioapicinit
                0x0000000080102440                ioapicenable
 *fill*         0x0000000080102477        0x9 
 .text          0x0000000080102480      0x22e kalloc.o
                0x0000000080102480                kfree
                0x0000000080102520                freerange
                0x0000000080102570                kinit1
                0x00000000801025e0                kinit2
                0x0000000080102640                kalloc
 *fill*         0x00000000801026ae        0x2 
 .text          0x00000000801026b0       0xf9 kbd.o
                0x00000000801026b0                kbdgetc
                0x0000000080102790                kbdintr
 *fill*         0x00000000801027a9        0x7 
 .text          0x00000000801027b0      0x3e2 lapic.o
                0x00000000801027b0                lapicinit
                0x00000000801028b0                lapicid
                0x00000000801028d0                lapiceoi
                0x00000000801028f0                microdelay
                0x0000000080102900                lapicstartap
                0x00000000801029a0                cmostime
 *fill*         0x0000000080102b92        0xe 
 .text          0x0000000080102ba0      0x448 log.o
                0x0000000080102ca0                initlog
                0x0000000080102d40                begin_op
                0x0000000080102db0                end_op
                0x0000000080102f20                log_write
 *fill*         0x0000000080102fe8        0x8 
 .text          0x0000000080102ff0       0x5e main.o
 *fill*         0x000000008010304e        0x2 
 .text.startup  0x0000000080103050      0x12c main.o
                0x0000000080103050                main
 *fill*         0x000000008010317c        0x4 
 .text          0x0000000080103180      0x25a mp.o
                0x0000000080103200                mpinit
 *fill*         0x00000000801033da        0x6 
 .text          0x00000000801033e0       0x16 picirq.o
                0x00000000801033e0                picinit
 *fill*         0x00000000801033f6        0xa 
 .text          0x0000000080103400      0x39b pipe.o
                0x0000000080103400                pipealloc
                0x0000000080103510                pipeclose
                0x00000000801035b0                pipewrite
                0x00000000801036b0                piperead
 *fill*         0x000000008010379b        0x5 
 .text          0x00000000801037a0      0xb18 proc.o
                0x0000000080103870                forkret
                0x00000000801038c0                pinit
                0x00000000801038e0                mycpu
                0x0000000080103950                cpuid
                0x0000000080103970                myproc
                0x00000000801039a0                userinit
                0x0000000080103aa0                growproc
                0x0000000080103b20                fork
                0x0000000080103c50                scheduler
                0x0000000080103cf0                sched
                0x0000000080103db0                exit
                0x0000000080103ef0                yield
                0x0000000080103f40                sleep
                0x0000000080104000                wait
                0x0000000080104100                wakeup
                0x0000000080104160                kill
                0x00000000801041f0                procdump
 *fill*         0x00000000801042b8        0x8 
 .text          0x00000000801042c0      0x135 sleeplock.o
                0x00000000801042c0                initsleeplock
                0x0000000080104300                acquiresleep
                0x0000000080104360                releasesleep
                0x00000000801043a0                holdingsleep
 *fill*         0x00000000801043f5        0xb 
 .text          0x0000000080104400      0x28a spinlock.o
                0x0000000080104400                initlock
                0x0000000080104420                getcallerpcs
                0x0000000080104480                pushcli
                0x00000000801044d0                popcli
                0x0000000080104530                holding
                0x0000000080104580                acquire
                0x0000000080104640                release
 *fill*         0x000000008010468a        0x6 
 .text          0x0000000080104690      0x223 string.o
                0x0000000080104690                memset
                0x00000000801046e0                memcmp
                0x0000000080104730                memmove
                0x0000000080104790                memcpy
                0x00000000801047a0                strncmp
                0x00000000801047f0                strncpy
                0x0000000080104850                safestrcpy
                0x0000000080104890                strlen
 .text          0x00000000801048b3       0x15 swtch.o
                0x00000000801048b3                swtch
 *fill*         0x00000000801048c8        0x8 
 .text          0x00000000801048d0      0x1f4 syscall.o
                0x00000000801048d0                fetchint
                0x0000000080104920                fetchstr
                0x0000000080104980                argint
                0x00000000801049b0                argptr
                0x0000000080104a20                argstr
                0x0000000080104a60                syscall
 *fill*         0x0000000080104ac4        0xc 
 .text          0x0000000080104ad0      0xbe9 sysfile.o
                0x0000000080104cc0                sys_dup
                0x0000000080104d30                sys_read
                0x0000000080104da0                sys_write
                0x0000000080104e10                sys_close
                0x0000000080104e60                sys_fstat
                0x0000000080104eb0                sys_link
                0x0000000080105000                sys_unlink
                0x00000000801051e0                sys_open
                0x0000000080105320                sys_mkdir
                0x0000000080105390                sys_mknod
                0x0000000080105430                sys_chdir
                0x00000000801054e0                sys_exec
                0x00000000801055e0                sys_pipe
 *fill*         0x00000000801056b9        0x7 
 .text          0x00000000801056c0      0x1ce sysproc.o
                0x00000000801056c0                sys_fork
                0x00000000801056d0                sys_exit
                0x00000000801056f0                sys_wait
                0x0000000080105700                sys_kill
                0x0000000080105740                sys_getpid
                0x0000000080105760                sys_sbrk
                0x00000000801057b0                sys_sleep
                0x0000000080105860                sys_uptime
 .text          0x000000008010588e       0x23 trapasm.o
                0x000000008010588e                alltraps
                0x00000000801058a6                trapret
 *fill*         0x00000000801058b1        0xf 
 .text          0x00000000801058c0      0x2ff trap.o
                0x00000000801058c0                tvinit
                0x0000000080105940                idtinit
                0x0000000080105970                trap
 *fill*         0x0000000080105bbf        0x1 
 .text          0x0000000080105bc0      0x189 uart.o
                0x0000000080105c40                uartinit
                0x0000000080105d00                uartputc
                0x0000000080105d30                uartintr
 .text          0x0000000080105d49      0xa72 vectors.o
                0x0000000080105d49                vector0
                0x0000000080105d52                vector1
                0x0000000080105d5b                vector2
                0x0000000080105d64                vector3
                0x0000000080105d6d                vector4
                0x0000000080105d76                vector5
                0x0000000080105d7f                vector6
                0x0000000080105d88                vector7
                0x0000000080105d91                vector8
                0x0000000080105d98                vector9
                0x0000000080105da1                vector10
                0x0000000080105da8                vector11
                0x0000000080105daf                vector12
                0x0000000080105db6                vector13
                0x0000000080105dbd                vector14
                0x0000000080105dc4                vector15
                0x0000000080105dcd                vector16
                0x0000000080105dd6                vector17
                0x0000000080105ddd                vector18
                0x0000000080105de6                vector19
                0x0000000080105def                vector20
                0x0000000080105df8                vector21
                0x0000000080105e01                vector22
                0x0000000080105e0a                vector23
                0x0000000080105e13                vector24
                0x0000000080105e1c                vector25
                0x0000000080105e25                vector26
                0x0000000080105e2e                vector27
                0x0000000080105e37                vector28
                0x0000000080105e40                vector29
                0x0000000080105e49                vector30
                0x0000000080105e52                vector31
                0x0000000080105e5b                vector32
                0x0000000080105e64                vector33
                0x0000000080105e6d                vector34
                0x0000000080105e76                vector35
                0x0000000080105e7f                vector36
                0x0000000080105e88                vector37
                0x0000000080105e91                vector38
                0x0000000080105e9a                vector39
                0x0000000080105ea3                vector40
                0x0000000080105eac                vector41
                0x0000000080105eb5                vector42
                0x0000000080105ebe                vector43
                0x0000000080105ec7                vector44
                0x0000000080105ed0                vector45
                0x0000000080105ed9                vector46
                0x0000000080105ee2                vector47
                0x0000000080105eeb                vector48
                0x0000000080105ef4                vector49
                0x0000000080105efd                vector50
                0x0000000080105f06                vector51
                0x0000000080105f0f                vector52
                0x0000000080105f18                vector53
                0x0000000080105f21                vector54
                0x0000000080105f2a                vector55
                0x0000000080105f33                vector56
                0x0000000080105f3c                vector57
                0x0000000080105f45                vector58
                0x0000000080105f4e                vector59
                0x0000000080105f57                vector60
                0x0000000080105f60                vector61
                0x0000000080105f69                vector62
                0x0000000080105f72                vector63
                0x0000000080105f7b                vector64
                0x0000000080105f84                vector65
                0x0000000080105f8d                vector66
                0x0000000080105f96                vector67
                0x0000000080105f9f                vector68
                0x0000000080105fa8                vector69
                0x0000000080105fb1                vector70
                0x0000000080105fba                vector71
                0x0000000080105fc3                vector72
                0x0000000080105fcc                vector73
                0x0000000080105fd5                vector74
                0x0000000080105fde                vector75
                0x0000000080105fe7                vector76
                0x0000000080105ff0                vector77
                0x0000000080105ff9                vector78
                0x0000000080106002                vector79
                0x000000008010600b                vector80
                0x0000000080106014                vector81
                0x000000008010601d                vector82
                0x0000000080106026                vector83
                0x000000008010602f                vector84
                0x0000000080106038                vector85
                0x0000000080106041                vector86
                0x000000008010604a                vector87
                0x0000000080106053                vector88
                0x000000008010605c                vector89
                0x0000000080106065                vector90
                0x000000008010606e                vector91
                0x0000000080106077                vector92
                0x0000000080106080                vector93
                0x0000000080106089                vector94
                0x0000000080106092                vector95
                0x000000008010609b                vector96
                0x00000000801060a4                vector97
                0x00000000801060ad                vector98
                0x00000000801060b6                vector99
                0x00000000801060bf                vector100
                0x00000000801060c8                vector101
                0x00000000801060d1                vector102
                0x00000000801060da                vector103
                0x00000000801060e3                vector104
                0x00000000801060ec                vector105
                0x00000000801060f5                vector106
                0x00000000801060fe                vector107
                0x0000000080106107                vector108
                0x0000000080106110                vector109
                0x0000000080106119                vector110
                0x0000000080106122                vector111
                0x000000008010612b                vector112
                0x0000000080106134                vector113
                0x000000008010613d                vector114
                0x0000000080106146                vector115
                0x000000008010614f                vector116
                0x0000000080106158                vector117
                0x0000000080106161                vector118
                0x000000008010616a                vector119
                0x0000000080106173                vector120
                0x000000008010617c                vector121
                0x0000000080106185                vector122
                0x000000008010618e                vector123
                0x0000000080106197                vector124
                0x00000000801061a0                vector125
                0x00000000801061a9                vector126
                0x00000000801061b2                vector127
                0x00000000801061bb                vector128
                0x00000000801061c7                vector129
                0x00000000801061d3                vector130
                0x00000000801061df                vector131
                0x00000000801061eb                vector132
                0x00000000801061f7                vector133
                0x0000000080106203                vector134
                0x000000008010620f                vector135
                0x000000008010621b                vector136
                0x0000000080106227                vector137
                0x0000000080106233                vector138
                0x000000008010623f                vector139
                0x000000008010624b                vector140
                0x0000000080106257                vector141
                0x0000000080106263                vector142
                0x000000008010626f                vector143
                0x000000008010627b                vector144
                0x0000000080106287                vector145
                0x0000000080106293                vector146
                0x000000008010629f                vector147
                0x00000000801062ab                vector148
                0x00000000801062b7                vector149
                0x00000000801062c3                vector150
                0x00000000801062cf                vector151
                0x00000000801062db                vector152
                0x00000000801062e7                vector153
                0x00000000801062f3                vector154
                0x00000000801062ff                vector155
                0x000000008010630b                vector156
                0x0000000080106317                vector157
                0x0000000080106323                vector158
                0x000000008010632f                vector159
                0x000000008010633b                vector160
                0x0000000080106347                vector161
                0x0000000080106353                vector162
                0x000000008010635f                vector163
                0x000000008010636b                vector164
                0x0000000080106377                vector165
                0x0000000080106383                vector166
                0x000000008010638f                vector167
                0x000000008010639b                vector168
                0x00000000801063a7                vector169
                0x00000000801063b3                vector170
                0x00000000801063bf                vector171
                0x00000000801063cb                vector172
                0x00000000801063d7                vector173
                0x00000000801063e3                vector174
                0x00000000801063ef                vector175
                0x00000000801063fb                vector176
                0x0000000080106407                vector177
                0x0000000080106413                vector178
                0x000000008010641f                vector179
                0x000000008010642b                vector180
                0x0000000080106437                vector181
                0x0000000080106443                vector182
                0x000000008010644f                vector183
                0x000000008010645b                vector184
                0x0000000080106467                vector185
                0x0000000080106473                vector186
                0x000000008010647f                vector187
                0x000000008010648b                vector188
                0x0000000080106497                vector189
                0x00000000801064a3                vector190
                0x00000000801064af                vector191
                0x00000000801064bb                vector192
                0x00000000801064c7                vector193
                0x00000000801064d3                vector194
                0x00000000801064df                vector195
                0x00000000801064eb                vector196
                0x00000000801064f7                vector197
                0x0000000080106503                vector198
                0x000000008010650f                vector199
                0x000000008010651b                vector200
                0x0000000080106527                vector201
                0x0000000080106533                vector202
                0x000000008010653f                vector203
                0x000000008010654b                vector204
                0x0000000080106557                vector205
                0x0000000080106563                vector206
                0x000000008010656f                vector207
                0x000000008010657b                vector208
                0x0000000080106587                vector209
                0x0000000080106593                vector210
                0x000000008010659f                vector211
                0x00000000801065ab                vector212
                0x00000000801065b7                vector213
                0x00000000801065c3                vector214
                0x00000000801065cf                vector215
                0x00000000801065db                vector216
                0x00000000801065e7                vector217
                0x00000000801065f3                vector218
                0x00000000801065ff                vector219
                0x000000008010660b                vector220
                0x0000000080106617                vector221
                0x0000000080106623                vector222
                0x000000008010662f                vector223
                0x000000008010663b                vector224
                0x0000000080106647                vector225
                0x0000000080106653                vector226
                0x000000008010665f                vector227
                0x000000008010666b                vector228
                0x0000000080106677                vector229
                0x0000000080106683                vector230
                0x000000008010668f                vector231
                0x000000008010669b                vector232
                0x00000000801066a7                vector233
                0x00000000801066b3                vector234
                0x00000000801066bf                vector235
                0x00000000801066cb                vector236
                0x00000000801066d7                vector237
                0x00000000801066e3                vector238
                0x00000000801066ef                vector239
                0x00000000801066fb                vector240
                0x0000000080106707                vector241
                0x0000000080106713                vector242
                0x000000008010671f                vector243
                0x000000008010672b                vector244
                0x0000000080106737                vector245
                0x0000000080106743                vector246
                0x000000008010674f                vector247
                0x000000008010675b                vector248
                0x0000000080106767                vector249
                0x0000000080106773                vector250
                0x000000008010677f                vector251
                0x000000008010678b                vector252
                0x0000000080106797                vector253
                0x00000000801067a3                vector254
                0x00000000801067af                vector255
 *fill*         0x00000000801067bb        0x5 
 .text          0x00000000801067c0      0x94a vm.o
                0x0000000080106980                seginit
                0x0000000080106a10                switchkvm
                0x0000000080106a30                switchuvm
                0x0000000080106b40                inituvm
                0x0000000080106bc0                loaduvm
                0x0000000080106c90                allocuvm
                0x0000000080106dc0                deallocuvm
                0x0000000080106df0                freevm
                0x0000000080106e70                setupkvm
                0x0000000080106ef0                kvmalloc
                0x0000000080106f10                clearpteu
                0x0000000080106f40                copyuvm
                0x0000000080107040                uva2ka
                0x0000000080107080                copyout
                [!provide]                        PROVIDE (etext = .)

.iplt           0x000000008010710a        0x0 load address 0x000000000010710a
 .iplt          0x000000008010710a        0x0 entry.o

.rodata         0x0000000080107120      0x9cb load address 0x0000000000107120
 *(.rodata .rodata.* .gnu.linkonce.r.*)
 .rodata.str1.1
                0x0000000080107120       0x2d bio.o
 .rodata.str1.1
                0x000000008010714d       0x43 console.o
                                         0x45 (size before relaxing)
 .rodata        0x0000000080107190       0x11 console.o
 .rodata.str1.1
                0x00000000801071a1        0xc exec.o
 .rodata.str1.1
                0x00000000801071ad       0x32 file.o
                                         0x3c (size before relaxing)
 .rodata.str1.1
                0x00000000801071df       0xb6 fs.o
                                         0xbe (size before relaxing)
 *fill*         0x0000000080107295        0x3 
 .rodata.str1.4
                0x0000000080107298       0x53 fs.o
 .rodata.str1.1
                0x00000000801072eb       0x68 ide.o
 *fill*         0x0000000080107353        0x1 
 .rodata.str1.4
                0x0000000080107354       0x32 ioapic.o
 .rodata.str1.1
                0x0000000080107386        0xb kalloc.o
 *fill*         0x0000000080107391        0xf 
 .rodata        0x00000000801073a0      0x220 kbd.o
 .rodata.str1.1
                0x00000000801075c0       0x44 log.o
 .rodata.str1.1
                0x0000000080107604       0x14 main.o
 .rodata.str1.1
                0x0000000080107618       0x22 mp.o
 *fill*         0x000000008010763a        0x2 
 .rodata.str1.4
                0x000000008010763c       0x1f mp.o
 .rodata.str1.1
                0x000000008010765b        0x5 pipe.o
 .rodata.str1.1
                0x0000000080107660       0xe2 proc.o
                                         0xe8 (size before relaxing)
 *fill*         0x0000000080107742        0x2 
 .rodata.str1.4
                0x0000000080107744       0x26 proc.o
 *fill*         0x000000008010776a        0x2 
 .rodata        0x000000008010776c       0x18 proc.o
 .rodata.str1.1
                0x0000000080107784        0xb sleeplock.o
 .rodata.str1.1
                0x000000008010778f       0x2e spinlock.o
 .rodata.str1.1
                0x00000000801077bd       0x1c syscall.o
 *fill*         0x00000000801077d9        0x7 
 .rodata        0x00000000801077e0       0x58 syscall.o
 .rodata.str1.1
                0x0000000080107838       0x61 sysfile.o
                                         0x63 (size before relaxing)
 .rodata.str1.1
                0x0000000080107899        0xa trap.o
 *fill*         0x00000000801078a3        0x1 
 .rodata.str1.4
                0x00000000801078a4       0x9b trap.o
 *fill*         0x000000008010793f        0x1 
 .rodata        0x0000000080107940       0x80 trap.o
 .rodata.str1.1
                0x00000000801079c0        0x8 uart.o
 .rodata.str1.1
                0x00000000801079c8      0x100 vm.o
                                        0x106 (size before relaxing)
 .rodata.str1.4
                0x0000000080107ac8       0x23 vm.o

.rel.dyn        0x0000000080107aec        0x0 load address 0x0000000000107aec
 .rel.got       0x0000000080107aec        0x0 entry.o
 .rel.iplt      0x0000000080107aec        0x0 entry.o
 .rel.text      0x0000000080107aec        0x0 entry.o
 .rel.text.startup
                0x0000000080107aec        0x0 entry.o
 .rel.data      0x0000000080107aec        0x0 entry.o

.stab           0x0000000080107aeb        0x0
                [!provide]                        PROVIDE (__STAB_BEGIN__ = .)
 *(.stab)
                [!provide]                        PROVIDE (__STAB_END__ = .)

.stabstr        0x0000000080107aeb        0x0
                [!provide]                        PROVIDE (__STABSTR_BEGIN__ = .)
 *(.stabstr)
                [!provide]                        PROVIDE (__STABSTR_END__ = .)
                0x0000000080108000                . = ALIGN (0x1000)
                0x0000000080108000                PROVIDE (data = .)

.data           0x0000000080108000     0x251a load address 0x0000000000108000
 *(.data)
 .data          0x0000000080108000        0x0 entry.o
 .data          0x0000000080108000        0x0 bio.o
 .data          0x0000000080108000        0x0 console.o
 .data          0x0000000080108000        0x0 exec.o
 .data          0x0000000080108000        0x0 file.o
 .data          0x0000000080108000        0x0 fs.o
 .data          0x0000000080108000        0x0 ide.o
 .data          0x0000000080108000        0x0 ioapic.o
 .data          0x0000000080108000        0x0 kalloc.o
 .data          0x0000000080108000      0x300 kbd.o
 .data          0x0000000080108300        0x0 lapic.o
 .data          0x0000000080108300        0x0 log.o
 *fill*         0x0000000080108300      0xd00 
 .data          0x0000000080109000     0x1000 main.o
                0x0000000080109000                entrypgdir
 .data          0x000000008010a000        0x0 mp.o
 .data          0x000000008010a000        0x0 picirq.o
 .data          0x000000008010a000        0x0 pipe.o
 .data          0x000000008010a000        0x8 proc.o
                0x000000008010a004                nextpid
 .data          0x000000008010a008        0x0 sleeplock.o
 .data          0x000000008010a008        0x0 spinlock.o
 .data          0x000000008010a008        0x0 string.o
 .data          0x000000008010a008        0x0 swtch.o
 .data          0x000000008010a008        0x0 syscall.o
 .data          0x000000008010a008        0x0 sysfile.o
 .data          0x000000008010a008        0x0 sysproc.o
 .data          0x000000008010a008        0x0 trapasm.o
 .data          0x000000008010a008        0x0 trap.o
 .data          0x000000008010a008        0x0 uart.o
 .data          0x000000008010a008      0x400 vectors.o
                0x000000008010a008                vectors
 *fill*         0x000000008010a408       0x18 
 .data          0x000000008010a420       0x40 vm.o
 .data          0x000000008010a460       0x30 initcode
                0x000000008010a460                _binary_initcode_start
                0x000000008010a490                _binary_initcode_end
 .data          0x000000008010a490       0x8a entryother
                0x000000008010a490                _binary_entryother_start
                0x000000008010a51a                _binary_entryother_end
                [!provide]                        PROVIDE (edata = .)

.got            0x000000008010a51c        0x0 load address 0x000000000010a51c
 .got           0x000000008010a51c        0x0 entry.o

.got.plt        0x000000008010a51c        0x0 load address 0x000000000010a51c
 .got.plt       0x000000008010a51c        0x0 entry.o

.igot.plt       0x000000008010a51c        0x0 load address 0x000000000010a51c
 .igot.plt      0x000000008010a51c        0x0 entry.o

.bss            0x000000008010a520     0xb088 load address 0x000000000010a520
 *(.bss)
 .bss           0x000000008010a520        0x0 entry.o
 .bss           0x000000008010a520        0x0 bio.o
 .bss           0x000000008010a520       0x3c console.o
 .bss           0x000000008010a55c        0x0 exec.o
 .bss           0x000000008010a55c        0x0 file.o
 .bss           0x000000008010a55c        0x0 fs.o
 *fill*         0x000000008010a55c        0x4 
 .bss           0x000000008010a560       0x54 ide.o
 .bss           0x000000008010a5b4        0x0 ioapic.o
 .bss           0x000000008010a5b4        0x0 kalloc.o
 .bss           0x000000008010a5b4        0x4 kbd.o
 .bss           0x000000008010a5b8        0x0 lapic.o
 .bss           0x000000008010a5b8        0x0 log.o
 .bss           0x000000008010a5b8        0x0 main.o
 .bss           0x000000008010a5b8        0x0 mp.o
 .bss           0x000000008010a5b8        0x0 picirq.o
 .bss           0x000000008010a5b8        0x0 pipe.o
 .bss           0x000000008010a5b8        0x4 proc.o
 .bss           0x000000008010a5bc        0x0 sleeplock.o
 .bss           0x000000008010a5bc        0x0 spinlock.o
 .bss           0x000000008010a5bc        0x0 string.o
 .bss           0x000000008010a5bc        0x0 swtch.o
 .bss           0x000000008010a5bc        0x0 syscall.o
 .bss           0x000000008010a5bc        0x0 sysfile.o
 .bss           0x000000008010a5bc        0x0 sysproc.o
 .bss           0x000000008010a5bc        0x0 trapasm.o
 .bss           0x000000008010a5bc        0x0 trap.o
 .bss           0x000000008010a5bc        0x4 uart.o
 .bss           0x000000008010a5c0        0x0 vectors.o
 .bss           0x000000008010a5c0        0x0 vm.o
 COMMON         0x000000008010a5c0     0x1000 entry.o
                0x000000008010a5c0                stack
 COMMON         0x000000008010b5c0     0x4958 bio.o
                0x000000008010b5c0                bcache
 *fill*         0x000000008010ff18        0x8 
 COMMON         0x000000008010ff20       0x8c console.o
                0x000000008010ff20                input
 *fill*         0x000000008010ffac       0x14 
 COMMON         0x000000008010ffc0      0x9f0 file.o
                0x000000008010ffc0                ftable
                0x0000000080110960                devsw
 *fill*         0x00000000801109b0       0x10 
 COMMON         0x00000000801109c0     0x1c74 fs.o
                0x00000000801109c0                sb
                0x00000000801109e0                icache
 COMMON         0x0000000080112634        0x4 ioapic.o
                0x0000000080112634                ioapic
 *fill*         0x0000000080112638        0x8 
 COMMON         0x0000000080112640       0x3c kalloc.o
                0x0000000080112640                kmem
 COMMON         0x000000008011267c        0x4 lapic.o
                0x000000008011267c                lapic
 COMMON         0x0000000080112680       0xc4 log.o
                0x0000000080112680                log
 *fill*         0x0000000080112744       0x1c 
 COMMON         0x0000000080112760      0x5a4 mp.o
                0x0000000080112760                ioapicid
                0x0000000080112780                cpus
                0x0000000080112d00                ncpu
 *fill*         0x0000000080112d04       0x1c 
 COMMON         0x0000000080112d20     0x2034 proc.o
                0x0000000080112d20                ptable
 *fill*         0x0000000080114d54        0xc 
 COMMON         0x0000000080114d60      0x844 trap.o
                0x0000000080114d60                tickslock
                0x0000000080114da0                idt
                0x00000000801155a0                ticks
 COMMON         0x00000000801155a4        0x4 vm.o
                0x00000000801155a4                kpgdir
                0x00000000801155a8                PROVIDE (end = .)

/DISCARD/
 *(.eh_frame .note.GNU-stack)
LOAD entry.o
LOAD bio.o
LOAD console.o
LOAD exec.o
LOAD file.o
LOAD fs.o
LOAD ide.o
LOAD ioapic.o
LOAD kalloc.o
LOAD kbd.o
LOAD lapic.o
LOAD log.o
LOAD main.o
LOAD mp.o
LOAD picirq.o
LOAD pipe.o
LOAD proc.o
LOAD sleeplock.o
LOAD spinlock.o
LOAD string.o
LOAD swtch.o
LOAD syscall.o
LOAD sysfile.o
LOAD sysproc.o
LOAD trapasm.o
LOAD trap.o
LOAD uart.o
LOAD vectors.o
LOAD vm.o
TARGET(binary)
LOAD initcode
LOAD entryother
OUTPUT(kernel elf32-i386)

.debug_line     0x0000000000000000     0x6cb5
 .debug_line    0x0000000000000000       0x41 entry.o
 .debug_line    0x0000000000000041      0x286 bio.o
 .debug_line    0x00000000000002c7      0x8fd console.o
 .debug_line    0x0000000000000bc4      0x2e9 exec.o
 .debug_line    0x0000000000000ead      0x2e9 file.o
 .debug_line    0x0000000000001196      0xc4a fs.o
 .debug_line    0x0000000000001de0      0x435 ide.o
 .debug_line    0x0000000000002215      0x1d6 ioapic.o
 .debug_line    0x00000000000023eb      0x232 kalloc.o
 .debug_line    0x000000000000261d      0x18c kbd.o
 .debug_line    0x00000000000027a9      0x8ac lapic.o
 .debug_line    0x0000000000003055      0x415 log.o
 .debug_line    0x000000000000346a      0x152 main.o
 .debug_line    0x00000000000035bc      0x2c8 mp.o
 .debug_line    0x0000000000003884       0x72 picirq.o
 .debug_line    0x00000000000038f6      0x36d pipe.o
 .debug_line    0x0000000000003c63      0xae7 proc.o
 .debug_line    0x000000000000474a      0x164 sleeplock.o
 .debug_line    0x00000000000048ae      0x387 spinlock.o
 .debug_line    0x0000000000004c35      0x2cc string.o
 .debug_line    0x0000000000004f01       0x43 swtch.o
 .debug_line    0x0000000000004f44      0x249 syscall.o
 .debug_line    0x000000000000518d      0x8f2 sysfile.o
 .debug_line    0x0000000000005a7f      0x18d sysproc.o
 .debug_line    0x0000000000005c0c       0x48 trapasm.o
 .debug_line    0x0000000000005c54      0x2c3 trap.o
 .debug_line    0x0000000000005f17      0x290 uart.o
 .debug_line    0x00000000000061a7      0x32f vectors.o
 .debug_line    0x00000000000064d6      0x7df vm.o

.debug_info     0x0000000000000000    0x1229b
 .debug_info    0x0000000000000000       0x26 entry.o
 .debug_info    0x0000000000000026      0x473 bio.o
 .debug_info    0x0000000000000499     0x1488 console.o
 .debug_info    0x0000000000001921      0xb9f exec.o
 .debug_info    0x00000000000024c0      0x714 file.o
 .debug_info    0x0000000000002bd4     0x1bbf fs.o
 .debug_info    0x0000000000004793      0xf1d ide.o
 .debug_info    0x00000000000056b0      0x2e4 ioapic.o
 .debug_info    0x0000000000005994      0x3d3 kalloc.o
 .debug_info    0x0000000000005d67      0x266 kbd.o
 .debug_info    0x0000000000005fcd      0xf2b lapic.o
 .debug_info    0x0000000000006ef8      0x773 log.o
 .debug_info    0x000000000000766b      0xb04 main.o
 .debug_info    0x000000000000816f      0xda1 mp.o
 .debug_info    0x0000000000008f10       0xf0 picirq.o
 .debug_info    0x0000000000009000      0xb0f pipe.o
 .debug_info    0x0000000000009b0f     0x153a proc.o
 .debug_info    0x000000000000b049      0x92a sleeplock.o
 .debug_info    0x000000000000b973      0xb51 spinlock.o
 .debug_info    0x000000000000c4c4      0x45b string.o
 .debug_info    0x000000000000c91f       0x26 swtch.o
 .debug_info    0x000000000000c945      0x9b4 syscall.o
 .debug_info    0x000000000000d2f9     0x1698 sysfile.o
 .debug_info    0x000000000000e991      0x970 sysproc.o
 .debug_info    0x000000000000f301       0x26 trapasm.o
 .debug_info    0x000000000000f327      0xbe2 trap.o
 .debug_info    0x000000000000ff09      0xdce uart.o
 .debug_info    0x0000000000010cd7       0x26 vectors.o
 .debug_info    0x0000000000010cfd     0x159e vm.o

.debug_abbrev   0x0000000000000000     0x3f5e
 .debug_abbrev  0x0000000000000000       0x14 entry.o
 .debug_abbrev  0x0000000000000014      0x21e bio.o
 .debug_abbrev  0x0000000000000232      0x485 console.o
 .debug_abbrev  0x00000000000006b7      0x1b2 exec.o
 .debug_abbrev  0x0000000000000869      0x1e8 file.o
 .debug_abbrev  0x0000000000000a51      0x570 fs.o
 .debug_abbrev  0x0000000000000fc1      0x2d5 ide.o
 .debug_abbrev  0x0000000000001296      0x1dc ioapic.o
 .debug_abbrev  0x0000000000001472      0x232 kalloc.o
 .debug_abbrev  0x00000000000016a4      0x186 kbd.o
 .debug_abbrev  0x000000000000182a      0x282 lapic.o
 .debug_abbrev  0x0000000000001aac      0x243 log.o
 .debug_abbrev  0x0000000000001cef      0x24a main.o
 .debug_abbrev  0x0000000000001f39      0x2bc mp.o
 .debug_abbrev  0x00000000000021f5       0xa4 picirq.o
 .debug_abbrev  0x0000000000002299      0x222 pipe.o
 .debug_abbrev  0x00000000000024bb      0x43d proc.o
 .debug_abbrev  0x00000000000028f8      0x1be sleeplock.o
 .debug_abbrev  0x0000000000002ab6      0x2da spinlock.o
 .debug_abbrev  0x0000000000002d90      0x140 string.o
 .debug_abbrev  0x0000000000002ed0       0x14 swtch.o
 .debug_abbrev  0x0000000000002ee4      0x1fd syscall.o
 .debug_abbrev  0x00000000000030e1      0x344 sysfile.o
 .debug_abbrev  0x0000000000003425      0x17d sysproc.o
 .debug_abbrev  0x00000000000035a2       0x14 trapasm.o
 .debug_abbrev  0x00000000000035b6      0x24b trap.o
 .debug_abbrev  0x0000000000003801      0x2c2 uart.o
 .debug_abbrev  0x0000000000003ac3       0x14 vectors.o
 .debug_abbrev  0x0000000000003ad7      0x487 vm.o

.debug_aranges  0x0000000000000000      0x3a8
 .debug_aranges
                0x0000000000000000       0x20 entry.o
 .debug_aranges
                0x0000000000000020       0x20 bio.o
 .debug_aranges
                0x0000000000000040       0x20 console.o
 .debug_aranges
                0x0000000000000060       0x20 exec.o
 .debug_aranges
                0x0000000000000080       0x20 file.o
 .debug_aranges
                0x00000000000000a0       0x20 fs.o
 .debug_aranges
                0x00000000000000c0       0x20 ide.o
 .debug_aranges
                0x00000000000000e0       0x20 ioapic.o
 .debug_aranges
                0x0000000000000100       0x20 kalloc.o
 .debug_aranges
                0x0000000000000120       0x20 kbd.o
 .debug_aranges
                0x0000000000000140       0x20 lapic.o
 .debug_aranges
                0x0000000000000160       0x20 log.o
 .debug_aranges
                0x0000000000000180       0x28 main.o
 .debug_aranges
                0x00000000000001a8       0x20 mp.o
 .debug_aranges
                0x00000000000001c8       0x20 picirq.o
 .debug_aranges
                0x00000000000001e8       0x20 pipe.o
 .debug_aranges
                0x0000000000000208       0x20 proc.o
 .debug_aranges
                0x0000000000000228       0x20 sleeplock.o
 .debug_aranges
                0x0000000000000248       0x20 spinlock.o
 .debug_aranges
                0x0000000000000268       0x20 string.o
 .debug_aranges
                0x0000000000000288       0x20 swtch.o
 .debug_aranges
                0x00000000000002a8       0x20 syscall.o
 .debug_aranges
                0x00000000000002c8       0x20 sysfile.o
 .debug_aranges
                0x00000000000002e8       0x20 sysproc.o
 .debug_aranges
                0x0000000000000308       0x20 trapasm.o
 .debug_aranges
                0x0000000000000328       0x20 trap.o
 .debug_aranges
                0x0000000000000348       0x20 uart.o
 .debug_aranges
                0x0000000000000368       0x20 vectors.o
 .debug_aranges
                0x0000000000000388       0x20 vm.o

.debug_str      0x0000000000000000      0xeb5
 .debug_str     0x0000000000000000       0x2d entry.o
 .debug_str     0x000000000000002d      0x1e4 bio.o
                                        0x234 (size before relaxing)
 .debug_str     0x0000000000000211      0x2b3 console.o
                                        0x4c7 (size before relaxing)
 .debug_str     0x00000000000004c4      0x121 exec.o
                                        0x454 (size before relaxing)
 .debug_str     0x00000000000005e5       0x77 file.o
                                        0x2c3 (size before relaxing)
 .debug_str     0x000000000000065c       0xf1 fs.o
                                        0x568 (size before relaxing)
 .debug_str     0x000000000000074d       0x81 ide.o
                                        0x42b (size before relaxing)
 .debug_str     0x00000000000007ce       0x3a ioapic.o
                                        0x1b0 (size before relaxing)
 .debug_str     0x0000000000000808       0x51 kalloc.o
                                        0x1e7 (size before relaxing)
 .debug_str     0x0000000000000859       0x54 kbd.o
                                        0x1c6 (size before relaxing)
 .debug_str     0x00000000000008ad       0x8b lapic.o
                                        0x212 (size before relaxing)
 .debug_str     0x0000000000000938       0x8b log.o
                                        0x2f3 (size before relaxing)
 .debug_str     0x00000000000009c3       0xc0 main.o
                                        0x459 (size before relaxing)
 .debug_str     0x0000000000000a83       0xa8 mp.o
                                        0x405 (size before relaxing)
 .debug_str     0x0000000000000b2b        0x9 picirq.o
                                        0x14a (size before relaxing)
 .debug_str     0x0000000000000b34       0x31 pipe.o
                                        0x428 (size before relaxing)
 .debug_str     0x0000000000000b65       0xd3 proc.o
                                        0x507 (size before relaxing)
 .debug_str     0x0000000000000c38        0xc sleeplock.o
                                        0x384 (size before relaxing)
 .debug_str     0x0000000000000c44        0xb spinlock.o
                                        0x388 (size before relaxing)
 .debug_str     0x0000000000000c4f       0x1c string.o
                                        0x18b (size before relaxing)
 .debug_str     0x0000000000000c6b        0x8 swtch.o
                                         0x2d (size before relaxing)
 .debug_str     0x0000000000000c73       0x42 syscall.o
                                        0x368 (size before relaxing)
 .debug_str     0x0000000000000cb5       0xb7 sysfile.o
                                        0x54f (size before relaxing)
 .debug_str     0x0000000000000d6c       0x65 sysproc.o
                                        0x3b0 (size before relaxing)
 .debug_str     0x0000000000000dd1        0xa trapasm.o
                                         0x2f (size before relaxing)
 .debug_str     0x0000000000000ddb       0x48 trap.o
                                        0x3cf (size before relaxing)
 .debug_str     0x0000000000000e23       0x15 uart.o
                                        0x3f1 (size before relaxing)
 .debug_str     0x0000000000000e38        0xa vectors.o
                                         0x2f (size before relaxing)
 .debug_str     0x0000000000000e42       0x73 vm.o
                                        0x462 (size before relaxing)

.debug_loc      0x0000000000000000     0x684f
 .debug_loc     0x0000000000000000      0x126 bio.o
 .debug_loc     0x0000000000000126      0xaf9 console.o
 .debug_loc     0x0000000000000c1f      0x338 exec.o
 .debug_loc     0x0000000000000f57      0x2d0 file.o
 .debug_loc     0x0000000000001227      0xf52 fs.o
 .debug_loc     0x0000000000002179      0x4f6 ide.o
 .debug_loc     0x000000000000266f      0x15d ioapic.o
 .debug_loc     0x00000000000027cc      0x21d kalloc.o
 .debug_loc     0x00000000000029e9       0xc8 kbd.o
 .debug_loc     0x0000000000002ab1      0xac0 lapic.o
 .debug_loc     0x0000000000003571      0x257 log.o
 .debug_loc     0x00000000000037c8       0x90 main.o
 .debug_loc     0x0000000000003858      0x4ab mp.o
 .debug_loc     0x0000000000003d03       0x5c picirq.o
 .debug_loc     0x0000000000003d5f       0xb5 pipe.o
 .debug_loc     0x0000000000003e14      0x73d proc.o
 .debug_loc     0x0000000000004551       0x4e sleeplock.o
 .debug_loc     0x000000000000459f      0x237 spinlock.o
 .debug_loc     0x00000000000047d6      0x6b5 string.o
 .debug_loc     0x0000000000004e8b      0x145 syscall.o
 .debug_loc     0x0000000000004fd0      0x736 sysfile.o
 .debug_loc     0x0000000000005706       0x59 sysproc.o
 .debug_loc     0x000000000000575f       0x7f trap.o
 .debug_loc     0x00000000000057de      0x344 uart.o
 .debug_loc     0x0000000000005b22      0xd2d vm.o

.debug_ranges   0x0000000000000000      0xce8
 .debug_ranges  0x0000000000000000       0x18 bio.o
 .debug_ranges  0x0000000000000018      0x100 console.o
 .debug_ranges  0x0000000000000118       0x18 file.o
 .debug_ranges  0x0000000000000130       0xc8 fs.o
 .debug_ranges  0x00000000000001f8       0xe8 ide.o
 .debug_ranges  0x00000000000002e0       0x88 ioapic.o
 .debug_ranges  0x0000000000000368       0x38 kalloc.o
 .debug_ranges  0x00000000000003a0       0x20 kbd.o
 .debug_ranges  0x00000000000003c0      0x550 lapic.o
 .debug_ranges  0x0000000000000910       0x78 log.o
 .debug_ranges  0x0000000000000988       0x18 main.o
 .debug_ranges  0x00000000000009a0       0x58 mp.o
 .debug_ranges  0x00000000000009f8       0xf0 proc.o
 .debug_ranges  0x0000000000000ae8       0x60 spinlock.o
 .debug_ranges  0x0000000000000b48       0x18 string.o
 .debug_ranges  0x0000000000000b60       0x80 sysfile.o
 .debug_ranges  0x0000000000000be0       0x20 trap.o
 .debug_ranges  0x0000000000000c00       0x58 uart.o
 .debug_ranges  0x0000000000000c58       0x90 vm.o

.comment        0x0000000000000000       0x2b
 .comment       0x0000000000000000       0x2b bio.o
                                         0x2c (size before relaxing)
 .comment       0x000000000000002b       0x2c console.o
 .comment       0x000000000000002b       0x2c exec.o
 .comment       0x000000000000002b       0x2c file.o
 .comment       0x000000000000002b       0x2c fs.o
 .comment       0x000000000000002b       0x2c ide.o
 .comment       0x000000000000002b       0x2c ioapic.o
 .comment       0x000000000000002b       0x2c kalloc.o
 .comment       0x000000000000002b       0x2c kbd.o
 .comment       0x000000000000002b       0x2c lapic.o
 .comment       0x000000000000002b       0x2c log.o
 .comment       0x000000000000002b       0x2c main.o
 .comment       0x000000000000002b       0x2c mp.o
 .comment       0x000000000000002b       0x2c picirq.o
 .comment       0x000000000000002b       0x2c pipe.o
 .comment       0x000000000000002b       0x2c proc.o
 .comment       0x000000000000002b       0x2c sleeplock.o
 .comment       0x000000000000002b       0x2c spinlock.o
 .comment       0x000000000000002b       0x2c string.o
 .comment       0x000000000000002b       0x2c syscall.o
 .comment       0x000000000000002b       0x2c sysfile.o
 .comment       0x000000000000002b       0x2c sysproc.o
 .comment       0x000000000000002b       0x2c trap.o
 .comment       0x000000000000002b       0x2c uart.o
 .comment       0x000000000000002b       0x2c vm.o
